---
source: cynic-parser/src/parser/mod.rs
expression: result.syntax()

---
ROOT@0..17
  OPERATION_DEF@0..16
    QUERY_KEYWORD@0..5 "query"
    WHITESPACE@5..6 " "
    SELECTION_SET@6..16
      OPEN_CURLY@6..7 "{"
      LINE_TERMINATOR@7..8 "\n"
      WHITESPACE@8..10 "  "
      SELECTION@10..15
        FIELD_SELECTION@10..15
          NAME@10..14 "node"
          LINE_TERMINATOR@14..15 "\n"
      CLOSE_CURLY@15..16 "}"
  LINE_TERMINATOR@16..17 "\n"

