---
source: cynic/tests/core-prototype-tests.rs
expression: "serde_json::from_value::<MyQuery>(data).unwrap()"

---
MyQuery {
    post: Some(
        BlogPostOutput {
            has_metadata: Some(
                false,
            ),
            author: AuthorOutput {
                name: Some(
                    "Not Me",
                ),
            },
        },
    ),
    posts: [
        BlogPostOutput {
            has_metadata: Some(
                true,
            ),
            author: AuthorOutput {
                name: Some(
                    "Me",
                ),
            },
        },
    ],
}
