---
source: cynic/tests/recursive-queries.rs
assertion_line: 129
expression: "serde_json::from_value::<FriendsQuery>(data).unwrap()"

---
all_authors:
  - friends:
      - friends: ~
        referrer: ~
    referrer:
      friends: ~
      referrer: ~

