---
source: cynic/tests/recursive-queries.rs
assertion_line: 57
expression: "serde_json::from_value::<AllPostsQuery>(data).unwrap()"

---
all_posts:
  - comments:
      - author:
          posts:
            - comments:
                - author:
                    posts:
                      - comments:
                          - author:
                              posts: ~

