---
source: cynic/tests/recursive-queries.rs
assertion_line: 187
expression: "serde_json::from_value::<FriendsQuery>(data).unwrap()"

---
all_authors:
  - me:
      me:
        me: ~

