---
source: cynic/tests/renames.rs
expression: query.query

---
query {
  allPosts {
    hasMetadata
    metadata {
      _
    }
  }
  allData {
    __typename
    ... on BlogPost {
      hasMetadata
      metadata {
        _
      }
    }
    ... on Author {
      name
    }
  }
}


